Archive member included to satisfy reference by file (symbol)

D:/Programs/ST/STM32CubeIDE_1.16.0/STM32CubeIDE/plugins/com.st.stm32cube.ide.mcu.externaltools.gnu-tools-for-stm32.12.3.rel1.win32_1.0.200.202406191623/tools/bin/../lib/gcc/arm-none-eabi/12.3.1/../../../../arm-none-eabi/lib/thumb/v7-m/nofp\libc_nano.a(libc_a-exit.o)
                              D:/Programs/ST/STM32CubeIDE_1.16.0/STM32CubeIDE/plugins/com.st.stm32cube.ide.mcu.externaltools.gnu-tools-for-stm32.12.3.rel1.win32_1.0.200.202406191623/tools/bin/../lib/gcc/arm-none-eabi/12.3.1/../../../../arm-none-eabi/lib/thumb/v7-m/nofp/crt0.o (exit)
D:/Programs/ST/STM32CubeIDE_1.16.0/STM32CubeIDE/plugins/com.st.stm32cube.ide.mcu.externaltools.gnu-tools-for-stm32.12.3.rel1.win32_1.0.200.202406191623/tools/bin/../lib/gcc/arm-none-eabi/12.3.1/../../../../arm-none-eabi/lib/thumb/v7-m/nofp\libc_nano.a(libc_a-findfp.o)
                              D:/Programs/ST/STM32CubeIDE_1.16.0/STM32CubeIDE/plugins/com.st.stm32cube.ide.mcu.externaltools.gnu-tools-for-stm32.12.3.rel1.win32_1.0.200.202406191623/tools/bin/../lib/gcc/arm-none-eabi/12.3.1/../../../../arm-none-eabi/lib/thumb/v7-m/nofp\libc_nano.a(libc_a-exit.o) (__stdio_exit_handler)
D:/Programs/ST/STM32CubeIDE_1.16.0/STM32CubeIDE/plugins/com.st.stm32cube.ide.mcu.externaltools.gnu-tools-for-stm32.12.3.rel1.win32_1.0.200.202406191623/tools/bin/../lib/gcc/arm-none-eabi/12.3.1/../../../../arm-none-eabi/lib/thumb/v7-m/nofp\libc_nano.a(libc_a-fwalk.o)
                              D:/Programs/ST/STM32CubeIDE_1.16.0/STM32CubeIDE/plugins/com.st.stm32cube.ide.mcu.externaltools.gnu-tools-for-stm32.12.3.rel1.win32_1.0.200.202406191623/tools/bin/../lib/gcc/arm-none-eabi/12.3.1/../../../../arm-none-eabi/lib/thumb/v7-m/nofp\libc_nano.a(libc_a-findfp.o) (_fwalk_sglue)
D:/Programs/ST/STM32CubeIDE_1.16.0/STM32CubeIDE/plugins/com.st.stm32cube.ide.mcu.externaltools.gnu-tools-for-stm32.12.3.rel1.win32_1.0.200.202406191623/tools/bin/../lib/gcc/arm-none-eabi/12.3.1/../../../../arm-none-eabi/lib/thumb/v7-m/nofp\libc_nano.a(libc_a-stdio.o)
                              D:/Programs/ST/STM32CubeIDE_1.16.0/STM32CubeIDE/plugins/com.st.stm32cube.ide.mcu.externaltools.gnu-tools-for-stm32.12.3.rel1.win32_1.0.200.202406191623/tools/bin/../lib/gcc/arm-none-eabi/12.3.1/../../../../arm-none-eabi/lib/thumb/v7-m/nofp\libc_nano.a(libc_a-findfp.o) (__sread)
D:/Programs/ST/STM32CubeIDE_1.16.0/STM32CubeIDE/plugins/com.st.stm32cube.ide.mcu.externaltools.gnu-tools-for-stm32.12.3.rel1.win32_1.0.200.202406191623/tools/bin/../lib/gcc/arm-none-eabi/12.3.1/../../../../arm-none-eabi/lib/thumb/v7-m/nofp\libc_nano.a(libc_a-memset.o)
                              D:/Programs/ST/STM32CubeIDE_1.16.0/STM32CubeIDE/plugins/com.st.stm32cube.ide.mcu.externaltools.gnu-tools-for-stm32.12.3.rel1.win32_1.0.200.202406191623/tools/bin/../lib/gcc/arm-none-eabi/12.3.1/../../../../arm-none-eabi/lib/thumb/v7-m/nofp/crt0.o (memset)
D:/Programs/ST/STM32CubeIDE_1.16.0/STM32CubeIDE/plugins/com.st.stm32cube.ide.mcu.externaltools.gnu-tools-for-stm32.12.3.rel1.win32_1.0.200.202406191623/tools/bin/../lib/gcc/arm-none-eabi/12.3.1/../../../../arm-none-eabi/lib/thumb/v7-m/nofp\libc_nano.a(libc_a-closer.o)
                              D:/Programs/ST/STM32CubeIDE_1.16.0/STM32CubeIDE/plugins/com.st.stm32cube.ide.mcu.externaltools.gnu-tools-for-stm32.12.3.rel1.win32_1.0.200.202406191623/tools/bin/../lib/gcc/arm-none-eabi/12.3.1/../../../../arm-none-eabi/lib/thumb/v7-m/nofp\libc_nano.a(libc_a-stdio.o) (_close_r)
D:/Programs/ST/STM32CubeIDE_1.16.0/STM32CubeIDE/plugins/com.st.stm32cube.ide.mcu.externaltools.gnu-tools-for-stm32.12.3.rel1.win32_1.0.200.202406191623/tools/bin/../lib/gcc/arm-none-eabi/12.3.1/../../../../arm-none-eabi/lib/thumb/v7-m/nofp\libc_nano.a(libc_a-reent.o)
                              D:/Programs/ST/STM32CubeIDE_1.16.0/STM32CubeIDE/plugins/com.st.stm32cube.ide.mcu.externaltools.gnu-tools-for-stm32.12.3.rel1.win32_1.0.200.202406191623/tools/bin/../lib/gcc/arm-none-eabi/12.3.1/../../../../arm-none-eabi/lib/thumb/v7-m/nofp\libc_nano.a(libc_a-closer.o) (errno)
D:/Programs/ST/STM32CubeIDE_1.16.0/STM32CubeIDE/plugins/com.st.stm32cube.ide.mcu.externaltools.gnu-tools-for-stm32.12.3.rel1.win32_1.0.200.202406191623/tools/bin/../lib/gcc/arm-none-eabi/12.3.1/../../../../arm-none-eabi/lib/thumb/v7-m/nofp\libc_nano.a(libc_a-impure.o)
                              D:/Programs/ST/STM32CubeIDE_1.16.0/STM32CubeIDE/plugins/com.st.stm32cube.ide.mcu.externaltools.gnu-tools-for-stm32.12.3.rel1.win32_1.0.200.202406191623/tools/bin/../lib/gcc/arm-none-eabi/12.3.1/../../../../arm-none-eabi/lib/thumb/v7-m/nofp\libc_nano.a(libc_a-reent.o) (_impure_ptr)
D:/Programs/ST/STM32CubeIDE_1.16.0/STM32CubeIDE/plugins/com.st.stm32cube.ide.mcu.externaltools.gnu-tools-for-stm32.12.3.rel1.win32_1.0.200.202406191623/tools/bin/../lib/gcc/arm-none-eabi/12.3.1/../../../../arm-none-eabi/lib/thumb/v7-m/nofp\libc_nano.a(libc_a-lseekr.o)
[...]
Memory Configuration

Name             Origin             Length             Attributes
RAM              0x20000000         0x00005000         xrw
FLASH            0x08000000         0x00010000         xr
*default*        0x00000000         0xffffffff

Linker script and memory map

LOAD D:/Programs/ST/STM32CubeIDE_1.16.0/STM32CubeIDE/plugins/com.st.stm32cube.ide.mcu.externaltools.gnu-tools-for-stm32.12.3.rel1.win32_1.0.200.202406191623/tools/bin/../lib/gcc/arm-none-eabi/12.3.1/thumb/v7-m/nofp/crti.o
LOAD D:/Programs/ST/STM32CubeIDE_1.16.0/STM32CubeIDE/plugins/com.st.stm32cube.ide.mcu.externaltools.gnu-tools-for-stm32.12.3.rel1.win32_1.0.200.202406191623/tools/bin/../lib/gcc/arm-none-eabi/12.3.1/thumb/v7-m/nofp/crtbegin.o
LOAD D:/Programs/ST/STM32CubeIDE_1.16.0/STM32CubeIDE/plugins/com.st.stm32cube.ide.mcu.externaltools.gnu-tools-for-stm32.12.3.rel1.win32_1.0.200.202406191623/tools/bin/../lib/gcc/arm-none-eabi/12.3.1/../../../../arm-none-eabi/lib/thumb/v7-m/nofp/crt0.o
LOAD ./Core/Src/clock72.o
LOAD ./Core/Src/config.o
LOAD ./Core/Src/control.o
LOAD ./Core/Src/croutine.o
LOAD ./Core/Src/event_groups.o
LOAD ./Core/Src/font.o
LOAD ./Core/Src/heap_2.o
LOAD ./Core/Src/i2c.o
LOAD ./Core/Src/list.o
LOAD ./Core/Src/main.o
LOAD ./Core/Src/mics.o
LOAD ./Core/Src/motor.o
LOAD ./Core/Src/oled.o
LOAD ./Core/Src/op.o
LOAD ./Core/Src/port.o
LOAD ./Core/Src/queue.o
LOAD ./Core/Src/servo.o
LOAD ./Core/Src/stm32f1xx_hal_msp.o
LOAD ./Core/Src/syscalls.o
LOAD ./Core/Src/sysmem.o
LOAD ./Core/Src/system_stm32f1xx.o
LOAD ./Core/Src/systik.o
LOAD ./Core/Src/tasks.o
LOAD ./Core/Src/timer2.o
LOAD ./Core/Src/timer3.o
LOAD ./Core/Src/timers.o
LOAD ./Core/Src/ultrasound.o
LOAD ./Core/Startup/startup_stm32f103c8tx.o
LOAD ./Drivers/STM32F1xx_HAL_Driver/Src/stm32f1xx_hal.o
LOAD ./Drivers/STM32F1xx_HAL_Driver/Src/stm32f1xx_hal_cortex.o
LOAD ./Drivers/STM32F1xx_HAL_Driver/Src/stm32f1xx_hal_dma.o
LOAD ./Drivers/STM32F1xx_HAL_Driver/Src/stm32f1xx_hal_exti.o
LOAD ./Drivers/STM32F1xx_HAL_Driver/Src/stm32f1xx_hal_flash.o
LOAD ./Drivers/STM32F1xx_HAL_Driver/Src/stm32f1xx_hal_flash_ex.o
LOAD ./Drivers/STM32F1xx_HAL_Driver/Src/stm32f1xx_hal_gpio.o
LOAD ./Drivers/STM32F1xx_HAL_Driver/Src/stm32f1xx_hal_gpio_ex.o
LOAD ./Drivers/STM32F1xx_HAL_Driver/Src/stm32f1xx_hal_i2c.o
LOAD ./Drivers/STM32F1xx_HAL_Driver/Src/stm32f1xx_hal_pwr.o
LOAD ./Drivers/STM32F1xx_HAL_Driver/Src/stm32f1xx_hal_rcc.o
LOAD ./Drivers/STM32F1xx_HAL_Driver/Src/stm32f1xx_hal_rcc_ex.o
LOAD ./Drivers/STM32F1xx_HAL_Driver/Src/stm32f1xx_hal_tim.o
LOAD ./Drivers/STM32F1xx_HAL_Driver/Src/stm32f1xx_hal_tim_ex.o
START GROUP
LOAD D:/Programs/ST/STM32CubeIDE_1.16.0/STM32CubeIDE/plugins/com.st.stm32cube.ide.mcu.externaltools.gnu-tools-for-stm32.12.3.rel1.win32_1.0.200.202406191623/tools/bin/../lib/gcc/arm-none-eabi/12.3.1/../../../../arm-none-eabi/lib/thumb/v7-m/nofp\libstdc++_nano.a
LOAD D:/Programs/ST/STM32CubeIDE_1.16.0/STM32CubeIDE/plugins/com.st.stm32cube.ide.mcu.externaltools.gnu-tools-for-stm32.12.3.rel1.win32_1.0.200.202406191623/tools/bin/../lib/gcc/arm-none-eabi/12.3.1/../../../../arm-none-eabi/lib/thumb/v7-m/nofp\libsupc++_nano.a
END GROUP
LOAD D:/Programs/ST/STM32CubeIDE_1.16.0/STM32CubeIDE/plugins/com.st.stm32cube.ide.mcu.externaltools.gnu-tools-for-stm32.12.3.rel1.win32_1.0.200.202406191623/tools/bin/../lib/gcc/arm-none-eabi/12.3.1/../../../../arm-none-eabi/lib/thumb/v7-m/nofp\libstdc++_nano.a
LOAD D:/Programs/ST/STM32CubeIDE_1.16.0/STM32CubeIDE/plugins/com.st.stm32cube.ide.mcu.externaltools.gnu-tools-for-stm32.12.3.rel1.win32_1.0.200.202406191623/tools/bin/../lib/gcc/arm-none-eabi/12.3.1/../../../../arm-none-eabi/lib/thumb/v7-m/nofp\libm.a
LOAD D:/Programs/ST/STM32CubeIDE_1.16.0/STM32CubeIDE/plugins/com.st.stm32cube.ide.mcu.externaltools.gnu-tools-for-stm32.12.3.rel1.win32_1.0.200.202406191623/tools/bin/../lib/gcc/arm-none-eabi/12.3.1/../../../../arm-none-eabi/lib/thumb/v7-m/nofp\libc_nano.a
START GROUP
LOAD D:/Programs/ST/STM32CubeIDE_1.16.0/STM32CubeIDE/plugins/com.st.stm32cube.ide.mcu.externaltools.gnu-tools-for-stm32.12.3.rel1.win32_1.0.200.202406191623/tools/bin/../lib/gcc/arm-none-eabi/12.3.1/thumb/v7-m/nofp\libgcc.a
LOAD D:/Programs/ST/STM32CubeIDE_1.16.0/STM32CubeIDE/plugins/com.st.stm32cube.ide.mcu.externaltools.gnu-tools-for-stm32.12.3.rel1.win32_1.0.200.202406191623/tools/bin/../lib/gcc/arm-none-eabi/12.3.1/../../../../arm-none-eabi/lib/thumb/v7-m/nofp\libc_nano.a
END GROUP
START GROUP
LOAD D:/Programs/ST/STM32CubeIDE_1.16.0/STM32CubeIDE/plugins/com.st.stm32cube.ide.mcu.externaltools.gnu-tools-for-stm32.12.3.rel1.win32_1.0.200.202406191623/tools/bin/../lib/gcc/arm-none-eabi/12.3.1/thumb/v7-m/nofp\libgcc.a
LOAD D:/Programs/ST/STM32CubeIDE_1.16.0/STM32CubeIDE/plugins/com.st.stm32cube.ide.mcu.externaltools.gnu-tools-for-stm32.12.3.rel1.win32_1.0.200.202406191623/tools/bin/../lib/gcc/arm-none-eabi/12.3.1/../../../../arm-none-eabi/lib/thumb/v7-m/nofp\libc_nano.a
LOAD D:/Programs/ST/STM32CubeIDE_1.16.0/STM32CubeIDE/plugins/com.st.stm32cube.ide.mcu.externaltools.gnu-tools-for-stm32.12.3.rel1.win32_1.0.200.202406191623/tools/bin/../lib/gcc/arm-none-eabi/12.3.1/../../../../arm-none-eabi/lib/thumb/v7-m/nofp\libnosys.a
END GROUP
START GROUP
LOAD D:/Programs/ST/STM32CubeIDE_1.16.0/STM32CubeIDE/plugins/com.st.stm32cube.ide.mcu.externaltools.gnu-tools-for-stm32.12.3.rel1.win32_1.0.200.202406191623/tools/bin/../lib/gcc/arm-none-eabi/12.3.1/thumb/v7-m/nofp\libgcc.a
LOAD D:/Programs/ST/STM32CubeIDE_1.16.0/STM32CubeIDE/plugins/com.st.stm32cube.ide.mcu.externaltools.gnu-tools-for-stm32.12.3.rel1.win32_1.0.200.202406191623/tools/bin/../lib/gcc/arm-none-eabi/12.3.1/../../../../arm-none-eabi/lib/thumb/v7-m/nofp\libc_nano.a
LOAD D:/Programs/ST/STM32CubeIDE_1.16.0/STM32CubeIDE/plugins/com.st.stm32cube.ide.mcu.externaltools.gnu-tools-for-stm32.12.3.rel1.win32_1.0.200.202406191623/tools/bin/../lib/gcc/arm-none-eabi/12.3.1/../../../../arm-none-eabi/lib/thumb/v7-m/nofp\libnosys.a
END GROUP
LOAD D:/Programs/ST/STM32CubeIDE_1.16.0/STM32CubeIDE/plugins/com.st.stm32cube.ide.mcu.externaltools.gnu-tools-for-stm32.12.3.rel1.win32_1.0.200.202406191623/tools/bin/../lib/gcc/arm-none-eabi/12.3.1/thumb/v7-m/nofp/crtend.o
LOAD D:/Programs/ST/STM32CubeIDE_1.16.0/STM32CubeIDE/plugins/com.st.stm32cube.ide.mcu.externaltools.gnu-tools-for-stm32.12.3.rel1.win32_1.0.200.202406191623/tools/bin/../lib/gcc/arm-none-eabi/12.3.1/thumb/v7-m/nofp/crtn.o
                0x20005000                        _estack = (ORIGIN (RAM) + LENGTH (RAM))
                0x00000200                        _Min_Heap_Size = 0x200
                0x00000400                        _Min_Stack_Size = 0x400

.isr_vector     0x08000000      0x10c
                0x08000000                        . = ALIGN (0x4)
 *(.isr_vector)
 .isr_vector    0x08000000      0x10c ./Core/Startup/startup_stm32f103c8tx.o
                0x08000000                g_pfnVectors
                0x0800010c                        . = ALIGN (0x4)

.text           0x08000110     0x20fc
                0x08000110                        . = ALIGN (0x4)
 *(.text)
 .text          0x08000110       0x40 D:/Programs/ST/STM32CubeIDE_1.16.0/STM32CubeIDE/plugins/com.st.stm32cube.ide.mcu.externaltools.gnu-tools-for-stm32.12.3.rel1.win32_1.0.200.202406191623/tools/bin/../lib/gcc/arm-none-eabi/12.3.1/thumb/v7-m/nofp/crtbegin.o
 .text          0x08000150      0x378 D:/Programs/ST/STM32CubeIDE_1.16.0/STM32CubeIDE/plugins/com.st.stm32cube.ide.mcu.externaltools.gnu-tools-for-stm32.12.3.rel1.win32_1.0.200.202406191623/tools/bin/../lib/gcc/arm-none-eabi/12.3.1/thumb/v7-m/nofp\libgcc.a(_arm_addsubdf3.o)
                0x08000150                __aeabi_drsub
                0x08000158                __aeabi_dsub
                0x08000158                __subdf3
                0x0800015c                __aeabi_dadd
                0x0800015c                __adddf3
                0x080003d4                __floatunsidf
                0x080003d4                __aeabi_ui2d
                0x080003f4                __floatsidf
                0x080003f4                __aeabi_i2d
                0x08000418                __aeabi_f2d
                0x08000418                __extendsfdf2
                0x0800045c                __floatundidf
                0x0800045c                __aeabi_ul2d
                0x0800046c                __floatdidf
                0x0800046c                __aeabi_l2d
 .text          0x080004c8      0x424 D:/Programs/ST/STM32CubeIDE_1.16.0/STM32CubeIDE/plugins/com.st.stm32cube.ide.mcu.externaltools.gnu-tools-for-stm32.12.3.rel1.win32_1.0.200.202406191623/tools/bin/../lib/gcc/arm-none-eabi/12.3.1/thumb/v7-m/nofp\libgcc.a(_arm_muldivdf3.o)
                0x080004c8                __aeabi_dmul
                0x080004c8                __muldf3
                0x0800071c                __divdf3
                0x0800071c                __aeabi_ddiv
 .text          0x080008ec       0xa0 D:/Programs/ST/STM32CubeIDE_1.16.0/STM32CubeIDE/plugins/com.st.stm32cube.ide.mcu.externaltools.gnu-tools-for-stm32.12.3.rel1.win32_1.0.200.202406191623/tools/bin/../lib/gcc/arm-none-eabi/12.3.1/thumb/v7-m/nofp\libgcc.a(_arm_truncdfsf2.o)
                0x080008ec                __truncdfsf2
                0x080008ec                __aeabi_d2f
 .text          0x0800098c      0x21c D:/Programs/ST/STM32CubeIDE_1.16.0/STM32CubeIDE/plugins/com.st.stm32cube.ide.mcu.externaltools.gnu-tools-for-stm32.12.3.rel1.win32_1.0.200.202406191623/tools/bin/../lib/gcc/arm-none-eabi/12.3.1/thumb/v7-m/nofp\libgcc.a(_arm_addsubsf3.o)
                0x0800098c                __aeabi_frsub
                0x08000994                __subsf3
                0x08000994                __aeabi_fsub
                0x08000998                __aeabi_fadd
                0x08000998                __addsf3
                0x08000af8                __aeabi_ui2f
                0x08000af8                __floatunsisf
                0x08000b00                __aeabi_i2f
                0x08000b00                __floatsisf
                0x08000b1c                __aeabi_ul2f
                0x08000b1c                __floatundisf
                0x08000b2c                __aeabi_l2f
                0x08000b2c                __floatdisf
 .text          0x08000ba8      0x2a0 D:/Programs/ST/STM32CubeIDE_1.16.0/STM32CubeIDE/plugins/com.st.stm32cube.ide.mcu.externaltools.gnu-tools-for-stm32.12.3.rel1.win32_1.0.200.202406191623/tools/bin/../lib/gcc/arm-none-eabi/12.3.1/thumb/v7-m/nofp\libgcc.a(_arm_muldivsf3.o)
                0x08000ba8                __mulsf3
                0x08000ba8                __aeabi_fmul
                0x08000d10                __aeabi_fdiv
                0x08000d10                __divsf3
 .text          0x08000e48       0xec D:/Programs/ST/STM32CubeIDE_1.16.0/STM32CubeIDE/plugins/com.st.stm32cube.ide.mcu.externaltools.gnu-tools-for-stm32.12.3.rel1.win32_1.0.200.202406191623/tools/bin/../lib/gcc/arm-none-eabi/12.3.1/thumb/v7-m/nofp\libgcc.a(_arm_cmpsf2.o)
                0x08000e48                __gesf2
                0x08000e48                __gtsf2
                0x08000e50                __lesf2
                0x08000e50                __ltsf2
                0x08000e58                __nesf2
                0x08000e58                __eqsf2
                0x08000e58                __cmpsf2
                0x08000eb8                __aeabi_cfrcmple
                0x08000ec0                __aeabi_cfcmpeq
                0x08000ec0                __aeabi_cfcmple
                0x08000ed0                __aeabi_fcmpeq
                0x08000ee4                __aeabi_fcmplt
                0x08000ef8                __aeabi_fcmple
                0x08000f0c                __aeabi_fcmpge
                0x08000f20                __aeabi_fcmpgt
 .text          0x08000f34       0x40 D:/Programs/ST/STM32CubeIDE_1.16.0/STM32CubeIDE/plugins/com.st.stm32cube.ide.mcu.externaltools.gnu-tools-for-stm32.12.3.rel1.win32_1.0.200.202406191623/tools/bin/../lib/gcc/arm-none-eabi/12.3.1/thumb/v7-m/nofp\libgcc.a(_arm_fixunssfsi.o)
                0x08000f34                __fixunssfsi
                0x08000f34                __aeabi_f2uiz
 *(.text*)
 .text._ZN7Clock72C2Ev
                0x08000f74       0x30 ./Core/Src/clock72.o
                0x08000f74                Clock72::Clock72()
                0x08000f74                Clock72::Clock72()
 .text._ZN7Clock7210Clock_InitEv
                0x08000fa4       0xa4 ./Core/Src/clock72.o
                0x08000fa4                Clock72::Clock_Init()
 .text._ZN6configC2Ev
                0x08001048       0x3c ./Core/Src/config.o
                0x08001048                config::config()
                0x08001048                config::config()
 .text._ZN6config4ENPAEv
                0x08001084       0x24 ./Core/Src/config.o
                0x08001084                config::ENPA()
 .text._ZN6config4ENPBEv
                0x080010a8       0x24 ./Core/Src/config.o
                0x080010a8                config::ENPB()
 .text._ZN6config4ENPCEv
                0x080010cc       0x24 ./Core/Src/config.o
                0x080010cc                config::ENPC()
 .text._ZN6config5AFIOPEv
                0x080010f0       0x24 ./Core/Src/config.o
                0x080010f0                config::AFIOP()
 .text._ZN6configD2Ev
                0x08001114       0x14 ./Core/Src/config.o
                0x08001114                config::~config()
                0x08001114                config::~config()
 .text.main     0x08001128       0x78 ./Core/Src/main.o
                0x08001128                main
 .text._ZN9US_ConfigD2Ev
                0x080011a0       0x24 ./Core/Src/main.o
                0x080011a0                US_Config::~US_Config()
                0x080011a0                US_Config::~US_Config()
 .text._ZN5ServoD2Ev
                0x080011c4       0x1a ./Core/Src/main.o
                0x080011c4                Servo::~Servo()
                0x080011c4                Servo::~Servo()
 .text._ZN11Moto_ConfigD2Ev
                0x080011de       0x2e ./Core/Src/main.o
                0x080011de                Moto_Config::~Moto_Config()
                0x080011de                Moto_Config::~Moto_Config()
 .text._Z41__static_initialization_and_destruction_0ii
                0x0800120c      0x178 ./Core/Src/main.o
 .text._GLOBAL__sub_I_xQueue
                0x08001384       0x10 ./Core/Src/main.o
 .text._GLOBAL__sub_D_xQueue
                0x08001394       0x10 ./Core/Src/main.o
 .text._ZN5MotorC2EP11Moto_Config
                0x080013a4       0x20 ./Core/Src/motor.o
                0x080013a4                Motor::Motor(Moto_Config*)
                0x080013a4                Motor::Motor(Moto_Config*)
 .text._ZN5Motor4STOPEv
                0x080013c4       0x32 ./Core/Src/motor.o
                0x080013c4                Motor::STOP()
 *fill*         0x080013f6        0x2 
 .text._ZN3OIPC2EP12GPIO_TypeDefh4MODE
                0x080013f8      0x3cc ./Core/Src/op.o
                0x080013f8                OIP::OIP(GPIO_TypeDef*, unsigned char, MODE)
                0x080013f8                OIP::OIP(GPIO_TypeDef*, unsigned char, MODE)
 .text._ZN3OIP2ONEv
                0x080017c4       0x2c ./Core/Src/op.o
                0x080017c4                OIP::ON()
 .text._ZN3OIP3OFFEv
                0x080017f0       0x2e ./Core/Src/op.o
                0x080017f0                OIP::OFF()
 .text._ZN3OIP6PWMOFFEv
                0x0800181e       0x1c ./Core/Src/op.o
                0x0800181e                OIP::PWMOFF()
 *fill*         0x0800183a        0x2 
 .text._ZN3OIPC2EP12GPIO_TypeDefh
                0x0800183c      0x1b4 ./Core/Src/op.o
                0x0800183c                OIP::OIP(GPIO_TypeDef*, unsigned char)
                0x0800183c                OIP::OIP(GPIO_TypeDef*, unsigned char)
 .text._ZN3OIPD2Ev
                0x080019f0       0x22 ./Core/Src/op.o
                0x080019f0                OIP::~OIP()
                0x080019f0                OIP::~OIP()
 *fill*         0x08001a12        0xe 
 .text.SVC_Handler
                0x08001a20       0x28 ./Core/Src/port.o
                0x08001a20                SVC_Handler
 *fill*         0x08001a48        0x8 
 .text.PendSV_Handler
                0x08001a50       0x48 ./Core/Src/port.o
                0x08001a50                PendSV_Handler
 .text._ZN5ServoC2Ev
                0x08001a98       0x38 ./Core/Src/servo.o
                0x08001a98                Servo::Servo()
                0x08001a98                Servo::Servo()
 .text._ZN5Servo14Servo_SetAngleEh
                0x08001ad0       0x6c ./Core/Src/servo.o
                0x08001ad0                Servo::Servo_SetAngle(unsigned char)
 .text._ZN5Servo7lookoutEv
                0x08001b3c       0x6a ./Core/Src/servo.o
                0x08001b3c                Servo::lookout()
 .text.SystemInit
                0x08001ba6        0xc ./Core/Src/system_stm32f1xx.o
                0x08001ba6                SystemInit
 .text._ZN5DelayC2Ev
                0x08001bb2       0x18 ./Core/Src/systik.o
                0x08001bb2                Delay::Delay()
                0x08001bb2                Delay::Delay()
 *fill*         0x08001bca        0x2 
 .text._ZN5Delay4InitEv
                0x08001bcc       0x38 ./Core/Src/systik.o
                0x08001bcc                Delay::Init()
 .text._ZN5Delay15SysTick_HandlerEv
                0x08001c04       0x2e ./Core/Src/systik.o
                0x08001c04                Delay::SysTick_Handler()
 .text._ZN5Delay8delay_usEm
                0x08001c32       0x34 ./Core/Src/systik.o
                0x08001c32                Delay::delay_us(unsigned long)
 *fill*         0x08001c66        0x2 
 .text.vTaskSwitchContext
                0x08001c68       0x8c ./Core/Src/tasks.o
                0x08001c68                vTaskSwitchContext
 .text._ZN6Timer2C2Ej
                0x08001cf4       0x44 ./Core/Src/timer2.o
                0x08001cf4                Timer2::Timer2(unsigned int)
                0x08001cf4                Timer2::Timer2(unsigned int)
 .text._ZN6Timer29Tim2_InitEj
                0x08001d38       0x70 ./Core/Src/timer2.o
                0x08001d38                Timer2::Tim2_Init(unsigned int)
 .text._ZN6Timer29pwmWrite3Ef
                0x08001da8       0x74 ./Core/Src/timer2.o
                0x08001da8                Timer2::pwmWrite3(float)
 .text._ZN6Timer2D2Ev
                0x08001e1c       0x14 ./Core/Src/timer2.o
                0x08001e1c                Timer2::~Timer2()
                0x08001e1c                Timer2::~Timer2()
 .text._ZN6Timer3C2Ejj
                0x08001e30       0x4c ./Core/Src/timer3.o
                0x08001e30                Timer3::Timer3(unsigned int, unsigned int)
                0x08001e30                Timer3::Timer3(unsigned int, unsigned int)
 .text._ZN6Timer39Tim3_InitEj
                0x08001e7c       0x70 ./Core/Src/timer3.o
                0x08001e7c                Timer3::Tim3_Init(unsigned int)
 .text._ZN6Timer38pwmWriteEj
                0x08001eec       0x58 ./Core/Src/timer3.o
                0x08001eec                Timer3::pwmWrite(unsigned int)
 .text._ZN6Timer3D2Ev
                0x08001f44       0x14 ./Core/Src/timer3.o
                0x08001f44                Timer3::~Timer3()
                0x08001f44                Timer3::~Timer3()
 .text._ZN10UltraSoundC2EP9US_Config
                0x08001f58       0x34 ./Core/Src/ultrasound.o
                0x08001f58                UltraSound::UltraSound(US_Config*)
                0x08001f58                UltraSound::UltraSound(US_Config*)
 .text._ZN10UltraSound4InitEv
                0x08001f8c       0x24 ./Core/Src/ultrasound.o
                0x08001f8c                UltraSound::Init()
 .text._ZN10UltraSound11Timer4_InitEv
                0x08001fb0       0x50 ./Core/Src/ultrasound.o
                0x08001fb0                UltraSound::Timer4_Init()
 .text.TIM4_IRQHandler
                0x08002000       0x70 ./Core/Src/ultrasound.o
                0x08002000                TIM4_IRQHandler
 .text._ZN10UltraSound7TriggerEv
                0x08002070       0x30 ./Core/Src/ultrasound.o
                0x08002070                UltraSound::Trigger()
 .text._ZN10UltraSound13Read_DistanceEv
                0x080020a0       0x98 ./Core/Src/ultrasound.o
                0x080020a0                UltraSound::Read_Distance()
 .text._ZN10UltraSoundD2Ev
                0x08002138       0x26 ./Core/Src/ultrasound.o
                0x08002138                UltraSound::~UltraSound()
                0x08002138                UltraSound::~UltraSound()
 *fill*         0x0800215e        0x2 
 .text.Reset_Handler
                0x08002160       0x48 ./Core/Startup/startup_stm32f103c8tx.o
                0x08002160                Reset_Handler
 .text.Default_Handler
                0x080021a8        0x2 ./Core/Startup/startup_stm32f103c8tx.o
                0x080021a8                RTC_Alarm_IRQHandler
                0x080021a8                EXTI2_IRQHandler
                0x080021a8                DebugMon_Handler
                0x080021a8                TIM1_CC_IRQHandler
                0x080021a8                HardFault_Handler
                0x080021a8                SysTick_Handler
                0x080021a8                PVD_IRQHandler
                0x080021a8                NMI_Handler
                0x080021a8                EXTI3_IRQHandler
                0x080021a8                EXTI0_IRQHandler
                0x080021a8                I2C2_EV_IRQHandler
                0x080021a8                UsageFault_Handler
                0x080021a8                ADC1_2_IRQHandler
                0x080021a8                SPI1_IRQHandler
                0x080021a8                TAMPER_IRQHandler
                0x080021a8                DMA1_Channel4_IRQHandler
                0x080021a8                USART3_IRQHandler
                0x080021a8                RTC_IRQHandler
                0x080021a8                DMA1_Channel7_IRQHandler
                0x080021a8                CAN1_RX1_IRQHandler
                0x080021a8                I2C1_EV_IRQHandler
                0x080021a8                DMA1_Channel6_IRQHandler
                0x080021a8                TIM3_IRQHandler
                0x080021a8                RCC_IRQHandler
                0x080021a8                TIM1_TRG_COM_IRQHandler
                0x080021a8                DMA1_Channel1_IRQHandler
                0x080021a8                Default_Handler
                0x080021a8                EXTI15_10_IRQHandler
                0x080021a8                EXTI9_5_IRQHandler
                0x080021a8                SPI2_IRQHandler
                0x080021a8                MemManage_Handler
                0x080021a8                DMA1_Channel5_IRQHandler
                0x080021a8                EXTI4_IRQHandler
                0x080021a8                USB_LP_CAN1_RX0_IRQHandler
                0x080021a8                USB_HP_CAN1_TX_IRQHandler
                0x080021a8                DMA1_Channel3_IRQHandler
                0x080021a8                TIM1_UP_IRQHandler
                0x080021a8                WWDG_IRQHandler
                0x080021a8                TIM2_IRQHandler
                0x080021a8                TIM1_BRK_IRQHandler
                0x080021a8                EXTI1_IRQHandler
                0x080021a8                USART2_IRQHandler
                0x080021a8                I2C2_ER_IRQHandler
                0x080021a8                DMA1_Channel2_IRQHandler
                0x080021a8                CAN1_SCE_IRQHandler
                0x080021a8                FLASH_IRQHandler
                0x080021a8                BusFault_Handler
                0x080021a8                USART1_IRQHandler
                0x080021a8                I2C1_ER_IRQHandler
                0x080021a8                USBWakeUp_IRQHandler
 *fill*         0x080021aa        0x2 
 .text.__libc_init_array
                0x080021ac       0x48 D:/Programs/ST/STM32CubeIDE_1.16.0/STM32CubeIDE/plugins/com.st.stm32cube.ide.mcu.externaltools.gnu-tools-for-stm32.12.3.rel1.win32_1.0.200.202406191623/tools/bin/../lib/gcc/arm-none-eabi/12.3.1/../../../../arm-none-eabi/lib/thumb/v7-m/nofp\libc_nano.a(libc_a-init.o)
                0x080021ac                __libc_init_array
 *(.glue_7)
 .glue_7        0x080021f4        0x0 linker stubs
 *(.glue_7t)
 .glue_7t       0x080021f4        0x0 linker stubs
 *(.eh_frame)
 .eh_frame      0x080021f4        0x0 D:/Programs/ST/STM32CubeIDE_1.16.0/STM32CubeIDE/plugins/com.st.stm32cube.ide.mcu.externaltools.gnu-tools-for-stm32.12.3.rel1.win32_1.0.200.202406191623/tools/bin/../lib/gcc/arm-none-eabi/12.3.1/thumb/v7-m/nofp/crtbegin.o
 *(.init)
 .init          0x080021f4        0x4 D:/Programs/ST/STM32CubeIDE_1.16.0/STM32CubeIDE/plugins/com.st.stm32cube.ide.mcu.externaltools.gnu-tools-for-stm32.12.3.rel1.win32_1.0.200.202406191623/tools/bin/../lib/gcc/arm-none-eabi/12.3.1/thumb/v7-m/nofp/crti.o
                0x080021f4                _init
 .init          0x080021f8        0x8 D:/Programs/ST/STM32CubeIDE_1.16.0/STM32CubeIDE/plugins/com.st.stm32cube.ide.mcu.externaltools.gnu-tools-for-stm32.12.3.rel1.win32_1.0.200.202406191623/tools/bin/../lib/gcc/arm-none-eabi/12.3.1/thumb/v7-m/nofp/crtn.o
 *(.fini)
 .fini          0x08002200        0x4 D:/Programs/ST/STM32CubeIDE_1.16.0/STM32CubeIDE/plugins/com.st.stm32cube.ide.mcu.externaltools.gnu-tools-for-stm32.12.3.rel1.win32_1.0.200.202406191623/tools/bin/../lib/gcc/arm-none-eabi/12.3.1/thumb/v7-m/nofp/crti.o
                0x08002200                _fini
 .fini          0x08002204        0x8 D:/Programs/ST/STM32CubeIDE_1.16.0/STM32CubeIDE/plugins/com.st.stm32cube.ide.mcu.externaltools.gnu-tools-for-stm32.12.3.rel1.win32_1.0.200.202406191623/tools/bin/../lib/gcc/arm-none-eabi/12.3.1/thumb/v7-m/nofp/crtn.o
                0x0800220c                        . = ALIGN (0x4)
                0x0800220c                        _etext = .

.vfp11_veneer   0x0800220c        0x0
 .vfp11_veneer  0x0800220c        0x0 linker stubs

.v4_bx          0x0800220c        0x0
 .v4_bx         0x0800220c        0x0 linker stubs

.iplt           0x0800220c        0x0
 .iplt          0x0800220c        0x0 D:/Programs/ST/STM32CubeIDE_1.16.0/STM32CubeIDE/plugins/com.st.stm32cube.ide.mcu.externaltools.gnu-tools-for-stm32.12.3.rel1.win32_1.0.200.202406191623/tools/bin/../lib/gcc/arm-none-eabi/12.3.1/thumb/v7-m/nofp/crtbegin.o

.rodata         0x0800220c        0x0
                0x0800220c                        . = ALIGN (0x4)
 *(.rodata)
 *(.rodata*)
                0x0800220c                        . = ALIGN (0x4)

.ARM.extab      0x0800220c        0x0
                0x0800220c                        . = ALIGN (0x4)
 *(.ARM.extab* .gnu.linkonce.armextab.*)
                0x0800220c                        . = ALIGN (0x4)

.ARM            0x0800220c        0x0
                0x0800220c                        . = ALIGN (0x4)
                0x0800220c                        __exidx_start = .
 *(.ARM.exidx*)
                0x0800220c                        __exidx_end = .
                0x0800220c                        . = ALIGN (0x4)

.preinit_array  0x0800220c        0x0
                0x0800220c                        . = ALIGN (0x4)
                0x0800220c                        PROVIDE (__preinit_array_start = .)
 *(.preinit_array*)
                0x0800220c                        PROVIDE (__preinit_array_end = .)
                0x0800220c                        . = ALIGN (0x4)

.init_array     0x0800220c        0x8
                0x0800220c                        . = ALIGN (0x4)
                0x0800220c                        PROVIDE (__init_array_start = .)
 *(SORT_BY_NAME(.init_array.*))
 *(.init_array*)
 .init_array    0x0800220c        0x4 D:/Programs/ST/STM32CubeIDE_1.16.0/STM32CubeIDE/plugins/com.st.stm32cube.ide.mcu.externaltools.gnu-tools-for-stm32.12.3.rel1.win32_1.0.200.202406191623/tools/bin/../lib/gcc/arm-none-eabi/12.3.1/thumb/v7-m/nofp/crtbegin.o
 .init_array    0x08002210        0x4 ./Core/Src/main.o
                0x08002214                        PROVIDE (__init_array_end = .)
                0x08002214                        . = ALIGN (0x4)

.fini_array     0x08002214        0x8
                0x08002214                        . = ALIGN (0x4)
                [!provide]                        PROVIDE (__fini_array_start = .)
 *(SORT_BY_NAME(.fini_array.*))
 *(.fini_array*)
 .fini_array    0x08002214        0x4 D:/Programs/ST/STM32CubeIDE_1.16.0/STM32CubeIDE/plugins/com.st.stm32cube.ide.mcu.externaltools.gnu-tools-for-stm32.12.3.rel1.win32_1.0.200.202406191623/tools/bin/../lib/gcc/arm-none-eabi/12.3.1/thumb/v7-m/nofp/crtbegin.o
 .fini_array    0x08002218        0x4 ./Core/Src/main.o
                [!provide]                        PROVIDE (__fini_array_end = .)
                0x0800221c                        . = ALIGN (0x4)
                0x0800221c                        _sidata = LOADADDR (.data)

.rel.dyn        0x0800221c        0x0
 .rel.iplt      0x0800221c        0x0 D:/Programs/ST/STM32CubeIDE_1.16.0/STM32CubeIDE/plugins/com.st.stm32cube.ide.mcu.externaltools.gnu-tools-for-stm32.12.3.rel1.win32_1.0.200.202406191623/tools/bin/../lib/gcc/arm-none-eabi/12.3.1/thumb/v7-m/nofp/crtbegin.o

.data           0x20000000        0xc load address 0x0800221c
                0x20000000                        . = ALIGN (0x4)
                0x20000000                        _sdata = .
 *(.data)
 *(.data*)
 .data.Period3  0x20000000        0x4 ./Core/Src/main.o
                0x20000000                Period3
 .data.Period2  0x20000004        0x4 ./Core/Src/main.o
                0x20000004                Period2
 .data.Speed    0x20000008        0x4 ./Core/Src/main.o
                0x20000008                Speed
 *(.RamFunc)
 *(.RamFunc*)
                0x2000000c                        . = ALIGN (0x4)
                0x2000000c                        _edata = .

.igot.plt       0x2000000c        0x0 load address 0x08002228
 .igot.plt      0x2000000c        0x0 D:/Programs/ST/STM32CubeIDE_1.16.0/STM32CubeIDE/plugins/com.st.stm32cube.ide.mcu.externaltools.gnu-tools-for-stm32.12.3.rel1.win32_1.0.200.202406191623/tools/bin/../lib/gcc/arm-none-eabi/12.3.1/thumb/v7-m/nofp/crtbegin.o
                0x2000000c                        . = ALIGN (0x4)

.bss            0x2000000c      0x1ac load address 0x08002228
                0x2000000c                        _sbss = .
                0x2000000c                        __bss_start__ = _sbss
 *(.bss)
 .bss           0x2000000c       0x1c D:/Programs/ST/STM32CubeIDE_1.16.0/STM32CubeIDE/plugins/com.st.stm32cube.ide.mcu.externaltools.gnu-tools-for-stm32.12.3.rel1.win32_1.0.200.202406191623/tools/bin/../lib/gcc/arm-none-eabi/12.3.1/thumb/v7-m/nofp/crtbegin.o
 *(.bss*)
 .bss._ZN7Clock728CountclkE
                0x20000028        0x1 ./Core/Src/clock72.o
                0x20000028                Clock72::Countclk
 .bss._ZN6config5CountE
                0x20000029        0x1 ./Core/Src/config.o
                0x20000029                config::Count
 *fill*         0x2000002a        0x2 
 .bss.m1_c      0x2000002c       0x30 ./Core/Src/main.o
                0x2000002c                m1_c
 .bss.m2_c      0x2000005c       0x30 ./Core/Src/main.o
                0x2000005c                m2_c
 .bss.LED_B     0x2000008c       0x10 ./Core/Src/main.o
                0x2000008c                LED_B
 .bss.LED_R     0x2000009c       0x10 ./Core/Src/main.o
                0x2000009c                LED_R
 .bss.M1        0x200000ac        0x8 ./Core/Src/main.o
                0x200000ac                M1
 .bss.M2        0x200000b4        0x8 ./Core/Src/main.o
                0x200000b4                M2
 .bss.tim3      0x200000bc        0x4 ./Core/Src/main.o
                0x200000bc                tim3
 .bss.tim2      0x200000c0        0x4 ./Core/Src/main.o
                0x200000c0                tim2
 .bss.del       0x200000c4        0x8 ./Core/Src/main.o
                0x200000c4                del
 .bss.servo     0x200000cc        0xc ./Core/Src/main.o
                0x200000cc                servo
 .bss.US        0x200000d8       0x20 ./Core/Src/main.o
                0x200000d8                US
 .bss.us        0x200000f8       0x14 ./Core/Src/main.o
                0x200000f8                us
 .bss._ZN3OIP6CountAE
                0x2000010c        0x1 ./Core/Src/op.o
                0x2000010c                OIP::CountA
 .bss._ZN3OIP6CountBE
                0x2000010d        0x1 ./Core/Src/op.o
                0x2000010d                OIP::CountB
 .bss._ZN3OIP6CountCE
                0x2000010e        0x1 ./Core/Src/op.o
                0x2000010e                OIP::CountC
 .bss._ZN3OIP7CountAFE
                0x2000010f        0x1 ./Core/Src/op.o
                0x2000010f                OIP::CountAF
 .bss.pxCurrentTCB
                0x20000110        0x4 ./Core/Src/tasks.o
                0x20000110                pxCurrentTCB
 .bss.pxReadyTasksLists
                0x20000114       0x78 ./Core/Src/tasks.o
 .bss.uxTopReadyPriority
                0x2000018c        0x4 ./Core/Src/tasks.o
 .bss.xYieldPendings
                0x20000190        0x4 ./Core/Src/tasks.o
 .bss.uxSchedulerSuspended
                0x20000194        0x4 ./Core/Src/tasks.o
 .bss._ZN6Timer28CounttimE
                0x20000198        0x1 ./Core/Src/timer2.o
                0x20000198                Timer2::Counttim
 *fill*         0x20000199        0x3 
 .bss._ZN6Timer26PERIODE
                0x2000019c        0x4 ./Core/Src/timer2.o
                0x2000019c                Timer2::PERIOD
 .bss._ZN6Timer38CounttimE
                0x200001a0        0x1 ./Core/Src/timer3.o
                0x200001a0                Timer3::Counttim
 *fill*         0x200001a1        0x3 
 .bss._ZN6Timer36PERIODE
                0x200001a4        0x4 ./Core/Src/timer3.o
                0x200001a4                Timer3::PERIOD
 .bss.Distance  0x200001a8        0x4 ./Core/Src/ultrasound.o
                0x200001a8                Distance
 .bss.ecFlag    0x200001ac        0x1 ./Core/Src/ultrasound.o
                0x200001ac                ecFlag
 .bss.edgeDir   0x200001ad        0x1 ./Core/Src/ultrasound.o
                0x200001ad                edgeDir
 *fill*         0x200001ae        0x2 
 .bss.R_E_C_V   0x200001b0        0x4 ./Core/Src/ultrasound.o
                0x200001b0                R_E_C_V
 .bss.F_E_C_V   0x200001b4        0x4 ./Core/Src/ultrasound.o
                0x200001b4                F_E_C_V
 *(COMMON)
                0x200001b8                        . = ALIGN (0x4)
                0x200001b8                        _ebss = .
                0x200001b8                        __bss_end__ = _ebss

._user_heap_stack
                0x200001b8      0x600 load address 0x08002228
                0x200001b8                        . = ALIGN (0x8)
                [!provide]                        PROVIDE (end = .)
                0x200001b8                        PROVIDE (_end = .)
                0x200003b8                        . = (. + _Min_Heap_Size)
 *fill*         0x200001b8      0x200 
                0x200007b8                        . = (. + _Min_Stack_Size)
 *fill*         0x200003b8      0x400 
                0x200007b8                        . = ALIGN (0x8)

/DISCARD/
 libc.a(*)
 libm.a(*)
 libgcc.a(*)

.ARM.attributes
                0x00000000       0x29
 *(.ARM.attributes)
 .ARM.attributes
                0x00000000       0x1d D:/Programs/ST/STM32CubeIDE_1.16.0/STM32CubeIDE/plugins/com.st.stm32cube.ide.mcu.externaltools.gnu-tools-for-stm32.12.3.rel1.win32_1.0.200.202406191623/tools/bin/../lib/gcc/arm-none-eabi/12.3.1/thumb/v7-m/nofp/crti.o
 .ARM.attributes
                0x0000001d       0x2d D:/Programs/ST/STM32CubeIDE_1.16.0/STM32CubeIDE/plugins/com.st.stm32cube.ide.mcu.externaltools.gnu-tools-for-stm32.12.3.rel1.win32_1.0.200.202406191623/tools/bin/../lib/gcc/arm-none-eabi/12.3.1/thumb/v7-m/nofp/crtbegin.o
 .ARM.attributes
                0x0000004a       0x2d ./Core/Src/clock72.o
 .ARM.attributes
                0x00000077       0x2d ./Core/Src/config.o
 .ARM.attributes
                0x000000a4       0x2d ./Core/Src/main.o
 .ARM.attributes
                0x000000d1       0x2d ./Core/Src/motor.o
 .ARM.attributes
                0x000000fe       0x2d ./Core/Src/op.o
 .ARM.attributes
                0x0000012b       0x2d ./Core/Src/port.o
 .ARM.attributes
                0x00000158       0x2d ./Core/Src/servo.o
 .ARM.attributes
                0x00000185       0x2d ./Core/Src/system_stm32f1xx.o
 .ARM.attributes
                0x000001b2       0x2d ./Core/Src/systik.o
 .ARM.attributes
                0x000001df       0x2d ./Core/Src/tasks.o
 .ARM.attributes
                0x0000020c       0x2d ./Core/Src/timer2.o
 .ARM.attributes
                0x00000239       0x2d ./Core/Src/timer3.o
 .ARM.attributes
                0x00000266       0x2d ./Core/Src/ultrasound.o
 .ARM.attributes
                0x00000293       0x21 ./Core/Startup/startup_stm32f103c8tx.o
 .ARM.attributes
                0x000002b4       0x2d D:/Programs/ST/STM32CubeIDE_1.16.0/STM32CubeIDE/plugins/com.st.stm32cube.ide.mcu.externaltools.gnu-tools-for-stm32.12.3.rel1.win32_1.0.200.202406191623/tools/bin/../lib/gcc/arm-none-eabi/12.3.1/../../../../arm-none-eabi/lib/thumb/v7-m/nofp\libc_nano.a(libc_a-init.o)
 .ARM.attributes
                0x000002e1       0x1d D:/Programs/ST/STM32CubeIDE_1.16.0/STM32CubeIDE/plugins/com.st.stm32cube.ide.mcu.externaltools.gnu-tools-for-stm32.12.3.rel1.win32_1.0.200.202406191623/tools/bin/../lib/gcc/arm-none-eabi/12.3.1/thumb/v7-m/nofp\libgcc.a(_arm_addsubdf3.o)
 .ARM.attributes
                0x000002fe       0x1d D:/Programs/ST/STM32CubeIDE_1.16.0/STM32CubeIDE/plugins/com.st.stm32cube.ide.mcu.externaltools.gnu-tools-for-stm32.12.3.rel1.win32_1.0.200.202406191623/tools/bin/../lib/gcc/arm-none-eabi/12.3.1/thumb/v7-m/nofp\libgcc.a(_arm_muldivdf3.o)
 .ARM.attributes
                0x0000031b       0x1d D:/Programs/ST/STM32CubeIDE_1.16.0/STM32CubeIDE/plugins/com.st.stm32cube.ide.mcu.externaltools.gnu-tools-for-stm32.12.3.rel1.win32_1.0.200.202406191623/tools/bin/../lib/gcc/arm-none-eabi/12.3.1/thumb/v7-m/nofp\libgcc.a(_arm_truncdfsf2.o)
 .ARM.attributes
                0x00000338       0x1d D:/Programs/ST/STM32CubeIDE_1.16.0/STM32CubeIDE/plugins/com.st.stm32cube.ide.mcu.externaltools.gnu-tools-for-stm32.12.3.rel1.win32_1.0.200.202406191623/tools/bin/../lib/gcc/arm-none-eabi/12.3.1/thumb/v7-m/nofp\libgcc.a(_arm_addsubsf3.o)
 .ARM.attributes
                0x00000355       0x1d D:/Programs/ST/STM32CubeIDE_1.16.0/STM32CubeIDE/plugins/com.st.stm32cube.ide.mcu.externaltools.gnu-tools-for-stm32.12.3.rel1.win32_1.0.200.202406191623/tools/bin/../lib/gcc/arm-none-eabi/12.3.1/thumb/v7-m/nofp\libgcc.a(_arm_muldivsf3.o)
 .ARM.attributes
                0x00000372       0x1d D:/Programs/ST/STM32CubeIDE_1.16.0/STM32CubeIDE/plugins/com.st.stm32cube.ide.mcu.externaltools.gnu-tools-for-stm32.12.3.rel1.win32_1.0.200.202406191623/tools/bin/../lib/gcc/arm-none-eabi/12.3.1/thumb/v7-m/nofp\libgcc.a(_arm_cmpsf2.o)
 .ARM.attributes
                0x0000038f       0x1d D:/Programs/ST/STM32CubeIDE_1.16.0/STM32CubeIDE/plugins/com.st.stm32cube.ide.mcu.externaltools.gnu-tools-for-stm32.12.3.rel1.win32_1.0.200.202406191623/tools/bin/../lib/gcc/arm-none-eabi/12.3.1/thumb/v7-m/nofp\libgcc.a(_arm_fixunssfsi.o)
 .ARM.attributes
                0x000003ac       0x1d D:/Programs/ST/STM32CubeIDE_1.16.0/STM32CubeIDE/plugins/com.st.stm32cube.ide.mcu.externaltools.gnu-tools-for-stm32.12.3.rel1.win32_1.0.200.202406191623/tools/bin/../lib/gcc/arm-none-eabi/12.3.1/thumb/v7-m/nofp/crtn.o
OUTPUT(Sound_Follower.elf elf32-littlearm)
LOAD linker stubs
LOAD D:/Programs/ST/STM32CubeIDE_1.16.0/STM32CubeIDE/plugins/com.st.stm32cube.ide.mcu.externaltools.gnu-tools-for-stm32.12.3.rel1.win32_1.0.200.202406191623/tools/bin/../lib/gcc/arm-none-eabi/12.3.1/../../../../arm-none-eabi/lib/thumb/v7-m/nofp\libc.a
LOAD D:/Programs/ST/STM32CubeIDE_1.16.0/STM32CubeIDE/plugins/com.st.stm32cube.ide.mcu.externaltools.gnu-tools-for-stm32.12.3.rel1.win32_1.0.200.202406191623/tools/bin/../lib/gcc/arm-none-eabi/12.3.1/../../../../arm-none-eabi/lib/thumb/v7-m/nofp\libm.a
LOAD D:/Programs/ST/STM32CubeIDE_1.16.0/STM32CubeIDE/plugins/com.st.stm32cube.ide.mcu.externaltools.gnu-tools-for-stm32.12.3.rel1.win32_1.0.200.202406191623/tools/bin/../lib/gcc/arm-none-eabi/12.3.1/thumb/v7-m/nofp\libgcc.a

.debug_info     0x00000000     0x7257
 .debug_info    0x00000000      0x340 ./Core/Src/clock72.o
 .debug_info    0x00000340      0x512 ./Core/Src/config.o
 .debug_info    0x00000852      0xf80 ./Core/Src/main.o
 .debug_info    0x000017d2      0x5f9 ./Core/Src/motor.o
 .debug_info    0x00001dcb      0x91f ./Core/Src/op.o
 .debug_info    0x000026ea      0x2cb ./Core/Src/port.o
 .debug_info    0x000029b5      0x8c7 ./Core/Src/servo.o
 .debug_info    0x0000327c      0x222 ./Core/Src/system_stm32f1xx.o
 .debug_info    0x0000349e      0x2c5 ./Core/Src/systik.o
 .debug_info    0x00003763     0x21c4 ./Core/Src/tasks.o
 .debug_info    0x00005927      0x5f6 ./Core/Src/timer2.o
 .debug_info    0x00005f1d      0x5f2 ./Core/Src/timer3.o
 .debug_info    0x0000650f      0xd18 ./Core/Src/ultrasound.o
 .debug_info    0x00007227       0x30 ./Core/Startup/startup_stm32f103c8tx.o

.debug_abbrev   0x00000000     0x21cc
 .debug_abbrev  0x00000000      0x19d ./Core/Src/clock72.o
 .debug_abbrev  0x0000019d      0x211 ./Core/Src/config.o
 .debug_abbrev  0x000003ae      0x3d2 ./Core/Src/main.o
 .debug_abbrev  0x00000780      0x2c5 ./Core/Src/motor.o
 .debug_abbrev  0x00000a45      0x368 ./Core/Src/op.o
 .debug_abbrev  0x00000dad      0x1f3 ./Core/Src/port.o
 .debug_abbrev  0x00000fa0      0x32a ./Core/Src/servo.o
 .debug_abbrev  0x000012ca      0x13f ./Core/Src/system_stm32f1xx.o
 .debug_abbrev  0x00001409      0x1b5 ./Core/Src/systik.o
 .debug_abbrev  0x000015be      0x380 ./Core/Src/tasks.o
 .debug_abbrev  0x0000193e      0x27d ./Core/Src/timer2.o
 .debug_abbrev  0x00001bbb      0x27f ./Core/Src/timer3.o
 .debug_abbrev  0x00001e3a      0x36e ./Core/Src/ultrasound.o
 .debug_abbrev  0x000021a8       0x24 ./Core/Startup/startup_stm32f103c8tx.o

.debug_aranges  0x00000000      0x5c0
 .debug_aranges
                0x00000000       0x28 ./Core/Src/clock72.o
 .debug_aranges
                0x00000028       0x68 ./Core/Src/config.o
 .debug_aranges
                0x00000090       0x50 ./Core/Src/main.o
 .debug_aranges
                0x000000e0       0x38 ./Core/Src/motor.o
 .debug_aranges
                0x00000118       0x60 ./Core/Src/op.o
 .debug_aranges
                0x00000178       0x68 ./Core/Src/port.o
 .debug_aranges
                0x000001e0       0x38 ./Core/Src/servo.o
 .debug_aranges
                0x00000218       0x28 ./Core/Src/system_stm32f1xx.o
 .debug_aranges
                0x00000240       0x48 ./Core/Src/systik.o
 .debug_aranges
                0x00000288      0x220 ./Core/Src/tasks.o
 .debug_aranges
                0x000004a8       0x50 ./Core/Src/timer2.o
 .debug_aranges
                0x000004f8       0x50 ./Core/Src/timer3.o
 .debug_aranges
                0x00000548       0x50 ./Core/Src/ultrasound.o
 .debug_aranges
                0x00000598       0x28 ./Core/Startup/startup_stm32f103c8tx.o

.debug_rnglists
                0x00000000      0x43c
 .debug_rnglists
                0x00000000       0x1a ./Core/Src/clock72.o
 .debug_rnglists
                0x0000001a       0x49 ./Core/Src/config.o
 .debug_rnglists
                0x00000063       0x38 ./Core/Src/main.o
 .debug_rnglists
                0x0000009b       0x25 ./Core/Src/motor.o
 .debug_rnglists
                0x000000c0       0x45 ./Core/Src/op.o
 .debug_rnglists
                0x00000105       0x49 ./Core/Src/port.o
 .debug_rnglists
                0x0000014e       0x25 ./Core/Src/servo.o
 .debug_rnglists
                0x00000173       0x1a ./Core/Src/system_stm32f1xx.o
 .debug_rnglists
                0x0000018d       0x31 ./Core/Src/systik.o
 .debug_rnglists
                0x000001be      0x1bf ./Core/Src/tasks.o
 .debug_rnglists
                0x0000037d       0x37 ./Core/Src/timer2.o
 .debug_rnglists
                0x000003b4       0x37 ./Core/Src/timer3.o
 .debug_rnglists
                0x000003eb       0x38 ./Core/Src/ultrasound.o
 .debug_rnglists
                0x00000423       0x19 ./Core/Startup/startup_stm32f103c8tx.o

.debug_macro    0x00000000    0x16b7b
 .debug_macro   0x00000000      0x1a7 ./Core/Src/clock72.o
 .debug_macro   0x000001a7      0xb80 ./Core/Src/clock72.o
 .debug_macro   0x00000d27      0x215 ./Core/Src/clock72.o
 .debug_macro   0x00000f3c       0x2e ./Core/Src/clock72.o
 .debug_macro   0x00000f6a       0x22 ./Core/Src/clock72.o
 .debug_macro   0x00000f8c       0x1c ./Core/Src/clock72.o
 .debug_macro   0x00000fa8       0x22 ./Core/Src/clock72.o
 .debug_macro   0x00000fca       0x8e ./Core/Src/clock72.o
 .debug_macro   0x00001058       0x51 ./Core/Src/clock72.o
 .debug_macro   0x000010a9      0x103 ./Core/Src/clock72.o
 .debug_macro   0x000011ac       0x6a ./Core/Src/clock72.o
 .debug_macro   0x00001216      0x1df ./Core/Src/clock72.o
 .debug_macro   0x000013f5       0x1c ./Core/Src/clock72.o
 .debug_macro   0x00001411       0x22 ./Core/Src/clock72.o
 .debug_macro   0x00001433       0xbd ./Core/Src/clock72.o
 .debug_macro   0x000014f0      0xd23 ./Core/Src/clock72.o
 .debug_macro   0x00002213     0xe09e ./Core/Src/clock72.o
 .debug_macro   0x000102b1       0x6d ./Core/Src/clock72.o
 .debug_macro   0x0001031e     0x34a2 ./Core/Src/clock72.o
 .debug_macro   0x000137c0      0x190 ./Core/Src/clock72.o
 .debug_macro   0x00013950       0x5c ./Core/Src/clock72.o
 .debug_macro   0x000139ac      0x5bc ./Core/Src/clock72.o
 .debug_macro   0x00013f68      0x289 ./Core/Src/clock72.o
 .debug_macro   0x000141f1      0x1cb ./Core/Src/clock72.o
 .debug_macro   0x000143bc      0x114 ./Core/Src/clock72.o
 .debug_macro   0x000144d0      0x1b2 ./Core/Src/clock72.o
 .debug_macro   0x00014682       0x27 ./Core/Src/clock72.o
 .debug_macro   0x000146a9      0x136 ./Core/Src/clock72.o
 .debug_macro   0x000147df      0x1bc ./Core/Src/clock72.o
 .debug_macro   0x0001499b       0x34 ./Core/Src/clock72.o
 .debug_macro   0x000149cf       0x3c ./Core/Src/clock72.o
 .debug_macro   0x00014a0b       0x57 ./Core/Src/clock72.o
 .debug_macro   0x00014a62       0x87 ./Core/Src/clock72.o
 .debug_macro   0x00014ae9      0x240 ./Core/Src/clock72.o
 .debug_macro   0x00014d29      0x287 ./Core/Src/clock72.o
 .debug_macro   0x00014fb0      0x140 ./Core/Src/clock72.o
 .debug_macro   0x000150f0       0x83 ./Core/Src/clock72.o
 .debug_macro   0x00015173      0x1a7 ./Core/Src/config.o
 .debug_macro   0x0001531a      0x38f ./Core/Src/main.o
 .debug_macro   0x000156a9       0x80 ./Core/Src/main.o
 .debug_macro   0x00015729       0x9e ./Core/Src/main.o
 .debug_macro   0x000157c7       0x56 ./Core/Src/main.o
 .debug_macro   0x0001581d       0x10 ./Core/Src/main.o
 .debug_macro   0x0001582d       0x1c ./Core/Src/main.o
 .debug_macro   0x00015849       0x62 ./Core/Src/main.o
 .debug_macro   0x000158ab      0x1d9 ./Core/Src/motor.o
 .debug_macro   0x00015a84      0x1cf ./Core/Src/op.o
 .debug_macro   0x00015c53      0x1ab ./Core/Src/port.o
 .debug_macro   0x00015dfe      0x1f6 ./Core/Src/servo.o
 .debug_macro   0x00015ff4      0x18e ./Core/Src/system_stm32f1xx.o
 .debug_macro   0x00016182      0x1b0 ./Core/Src/systik.o
 .debug_macro   0x00016332      0x2bf ./Core/Src/tasks.o
 .debug_macro   0x000165f1       0x17 ./Core/Src/tasks.o
 .debug_macro   0x00016608      0x1b1 ./Core/Src/timer2.o
 .debug_macro   0x000167b9      0x1b1 ./Core/Src/timer3.o
 .debug_macro   0x0001696a      0x1fb ./Core/Src/ultrasound.o
 .debug_macro   0x00016b65       0x16 ./Core/Src/ultrasound.o

.debug_line     0x00000000     0x7eeb
 .debug_line    0x00000000      0x747 ./Core/Src/clock72.o
 .debug_line    0x00000747      0x7d7 ./Core/Src/config.o
 .debug_line    0x00000f1e      0xb67 ./Core/Src/main.o
 .debug_line    0x00001a85      0x767 ./Core/Src/motor.o
 .debug_line    0x000021ec      0xae6 ./Core/Src/op.o
 .debug_line    0x00002cd2      0x62f ./Core/Src/port.o
 .debug_line    0x00003301      0x7c8 ./Core/Src/servo.o
 .debug_line    0x00003ac9      0x745 ./Core/Src/system_stm32f1xx.o
 .debug_line    0x0000420e      0x786 ./Core/Src/systik.o
 .debug_line    0x00004994     0x1cc4 ./Core/Src/tasks.o
 .debug_line    0x00006658      0x7e3 ./Core/Src/timer2.o
 .debug_line    0x00006e3b      0x801 ./Core/Src/timer3.o
 .debug_line    0x0000763c      0x837 ./Core/Src/ultrasound.o
 .debug_line    0x00007e73       0x78 ./Core/Startup/startup_stm32f103c8tx.o

.debug_str      0x00000000    0x8ecb7
 .debug_str     0x00000000    0x7c881 ./Core/Src/clock72.o
                              0x7cc44 (size before relaxing)
 .debug_str     0x0007c881      0x168 ./Core/Src/config.o
                              0x7ccec (size before relaxing)
 .debug_str     0x0007c9e9     0xfa0e ./Core/Src/main.o
                              0x8c64e (size before relaxing)
 .debug_str     0x0008c3f7       0x31 ./Core/Src/motor.o
                              0x7cd6f (size before relaxing)
 .debug_str     0x0008c428       0xcd ./Core/Src/op.o
                              0x7cead (size before relaxing)
 .debug_str     0x0008c4f5      0x981 ./Core/Src/port.o
                               0xf19b (size before relaxing)
 .debug_str     0x0008ce76       0x3e ./Core/Src/servo.o
                              0x7cfaf (size before relaxing)
 .debug_str     0x0008ceb4       0x91 ./Core/Src/system_stm32f1xx.o
                              0x7c65d (size before relaxing)
 .debug_str     0x0008cf45       0x3f ./Core/Src/systik.o
                              0x7cb72 (size before relaxing)
 .debug_str     0x0008cf84     0x1b66 ./Core/Src/tasks.o
                              0x1408d (size before relaxing)
 .debug_str     0x0008eaea       0x9b ./Core/Src/timer2.o
                              0x7ccc9 (size before relaxing)
 .debug_str     0x0008eb85       0x5e ./Core/Src/timer3.o
                              0x7ccae (size before relaxing)
 .debug_str     0x0008ebe3       0x90 ./Core/Src/ultrasound.o
                              0x7d2ed (size before relaxing)
 .debug_str     0x0008ec73       0x44 ./Core/Startup/startup_stm32f103c8tx.o
                                 0x6b (size before relaxing)

.comment        0x00000000       0x43
 .comment       0x00000000       0x43 ./Core/Src/clock72.o
                                 0x44 (size before relaxing)
 .comment       0x00000043       0x44 ./Core/Src/config.o
 .comment       0x00000043       0x44 ./Core/Src/main.o
 .comment       0x00000043       0x44 ./Core/Src/motor.o
 .comment       0x00000043       0x44 ./Core/Src/op.o
 .comment       0x00000043       0x44 ./Core/Src/port.o
 .comment       0x00000043       0x44 ./Core/Src/servo.o
 .comment       0x00000043       0x44 ./Core/Src/system_stm32f1xx.o
 .comment       0x00000043       0x44 ./Core/Src/systik.o
 .comment       0x00000043       0x44 ./Core/Src/tasks.o
 .comment       0x00000043       0x44 ./Core/Src/timer2.o
 .comment       0x00000043       0x44 ./Core/Src/timer3.o
 .comment       0x00000043       0x44 ./Core/Src/ultrasound.o

.debug_frame    0x00000000     0x17a0
 .debug_frame   0x00000000       0x5c ./Core/Src/clock72.o
 .debug_frame   0x0000005c      0x198 ./Core/Src/config.o
 .debug_frame   0x000001f4       0xf8 ./Core/Src/main.o
 .debug_frame   0x000002ec       0xa0 ./Core/Src/motor.o
 .debug_frame   0x0000038c      0x168 ./Core/Src/op.o
 .debug_frame   0x000004f4      0x144 ./Core/Src/port.o
 .debug_frame   0x00000638       0xa0 ./Core/Src/servo.o
 .debug_frame   0x000006d8       0x58 ./Core/Src/system_stm32f1xx.o
 .debug_frame   0x00000730       0xf8 ./Core/Src/systik.o
 .debug_frame   0x00000828      0x974 ./Core/Src/tasks.o
 .debug_frame   0x0000119c      0x120 ./Core/Src/timer2.o
 .debug_frame   0x000012bc      0x120 ./Core/Src/timer3.o
 .debug_frame   0x000013dc      0x108 ./Core/Src/ultrasound.o
 .debug_frame   0x000014e4       0x2c D:/Programs/ST/STM32CubeIDE_1.16.0/STM32CubeIDE/plugins/com.st.stm32cube.ide.mcu.externaltools.gnu-tools-for-stm32.12.3.rel1.win32_1.0.200.202406191623/tools/bin/../lib/gcc/arm-none-eabi/12.3.1/../../../../arm-none-eabi/lib/thumb/v7-m/nofp\libc_nano.a(libc_a-init.o)
 .debug_frame   0x00001510       0xac D:/Programs/ST/STM32CubeIDE_1.16.0/STM32CubeIDE/plugins/com.st.stm32cube.ide.mcu.externaltools.gnu-tools-for-stm32.12.3.rel1.win32_1.0.200.202406191623/tools/bin/../lib/gcc/arm-none-eabi/12.3.1/thumb/v7-m/nofp\libgcc.a(_arm_addsubdf3.o)
 .debug_frame   0x000015bc       0x50 D:/Programs/ST/STM32CubeIDE_1.16.0/STM32CubeIDE/plugins/com.st.stm32cube.ide.mcu.externaltools.gnu-tools-for-stm32.12.3.rel1.win32_1.0.200.202406191623/tools/bin/../lib/gcc/arm-none-eabi/12.3.1/thumb/v7-m/nofp\libgcc.a(_arm_muldivdf3.o)
 .debug_frame   0x0000160c       0x24 D:/Programs/ST/STM32CubeIDE_1.16.0/STM32CubeIDE/plugins/com.st.stm32cube.ide.mcu.externaltools.gnu-tools-for-stm32.12.3.rel1.win32_1.0.200.202406191623/tools/bin/../lib/gcc/arm-none-eabi/12.3.1/thumb/v7-m/nofp\libgcc.a(_arm_truncdfsf2.o)
 .debug_frame   0x00001630       0x4c D:/Programs/ST/STM32CubeIDE_1.16.0/STM32CubeIDE/plugins/com.st.stm32cube.ide.mcu.externaltools.gnu-tools-for-stm32.12.3.rel1.win32_1.0.200.202406191623/tools/bin/../lib/gcc/arm-none-eabi/12.3.1/thumb/v7-m/nofp\libgcc.a(_arm_addsubsf3.o)
 .debug_frame   0x0000167c       0x38 D:/Programs/ST/STM32CubeIDE_1.16.0/STM32CubeIDE/plugins/com.st.stm32cube.ide.mcu.externaltools.gnu-tools-for-stm32.12.3.rel1.win32_1.0.200.202406191623/tools/bin/../lib/gcc/arm-none-eabi/12.3.1/thumb/v7-m/nofp\libgcc.a(_arm_muldivsf3.o)
 .debug_frame   0x000016b4       0xc8 D:/Programs/ST/STM32CubeIDE_1.16.0/STM32CubeIDE/plugins/com.st.stm32cube.ide.mcu.externaltools.gnu-tools-for-stm32.12.3.rel1.win32_1.0.200.202406191623/tools/bin/../lib/gcc/arm-none-eabi/12.3.1/thumb/v7-m/nofp\libgcc.a(_arm_cmpsf2.o)
 .debug_frame   0x0000177c       0x24 D:/Programs/ST/STM32CubeIDE_1.16.0/STM32CubeIDE/plugins/com.st.stm32cube.ide.mcu.externaltools.gnu-tools-for-stm32.12.3.rel1.win32_1.0.200.202406191623/tools/bin/../lib/gcc/arm-none-eabi/12.3.1/thumb/v7-m/nofp\libgcc.a(_arm_fixunssfsi.o)

.debug_line_str
                0x00000000       0x4f
 .debug_line_str
                0x00000000       0x4f ./Core/Startup/startup_stm32f103c8tx.o
